// Jest Snapshot v1, https://goo.gl/fbAQLP

exports[`Flash renders a Flash component 1`] = `
<span
  style={
    Object {
      "background": "papayawhip",
      "borderLeft": "3px solid hsl(167, 90%, 38%)",
      "padding": "5px 10px",
    }
  }
>
  message
</span>
`;
