// Jest Snapshot v1, https://goo.gl/fbAQLP

exports[`malt color component renders a malt color component 1`] = `null`;
