// Jest Snapshot v1, https://goo.gl/fbAQLP

exports[`ScrollableList renders a ScrollableList component 1`] = `
<div
  style={
    Object {
      "display": "flex",
      "flexFlow": "column",
    }
  }
/>
`;
