// Jest Snapshot v1, https://goo.gl/fbAQLP

exports[`srm component renders a SRM component 1`] = `
<div
  style={
    Object {
      "borderRadius": "20px",
      "height": "16px",
      "padding": "4px",
      "position": "relative",
    }
  }
>
  <span
    style={
      Object {
        "alignItems": "center",
        "background": "rgb(250, 250, 250)",
        "borderRadius": "50%",
        "display": "flex",
        "height": "25px",
        "justifyContent": "center",
        "left": "-5px",
        "position": "absolute",
        "top": "0px",
        "width": "25px",
      }
    }
  >
    0
  </span>
</div>
`;
