// Jest Snapshot v1, https://goo.gl/fbAQLP

exports[`Tab renders a tab component 1`] = `
<li
  onClick={[Function]}
>
  label
</li>
`;

exports[`Tabs renders a tabs component 1`] = `
<div>
  <ol>
    <li
      onClick={[Function]}
    >
      tab1
    </li>
    <li
      onClick={[Function]}
    >
      tab2
    </li>
  </ol>
  <div>
    <div>
      Tab 1
    </div>
  </div>
</div>
`;
